8th Grade\E-Mails From Friends: (subfolder): 	TRACK MEET @ HOME
8th Grade\E-Mails From Friends: (subfolder): 	TRACK MEET @ DURHAM ACADEMY
8th Grade\E-Mails From Friends: (subfolder): 	TRACK AND FIELD MEET VS RAVENSCROFT... EARLY DISMISSAL @ 2:30. GO TO FC AND CHANGE
8th Grade\E-Mails From Friends: (subfolder): 	TRACK INFO MEETING
8th Grade\E-Mails From Friends: (subfolder): 	Canceled: STUDY FOR SCIENCE QUIZ - Ocean Floor Features and life Phytoplankton Zooplankton (Covered 11/2) Microscope Labeling
8th Grade\E-Mails From Friends: (subfolder): 	STUDY FOR SCIENCE QUIZ - Ocean Floor Features and life Phytoplankton Zooplankton (Covered 11/2) Microscope Labeling
8th Grade\Math: (subfolder): 	
8th Grade\Personal: (subfolder): 	MEET FOR GROUPWORK IN PRICE ROOM
8th Grade\Personal: (subfolder): 	MEET IN GROUPWORK
8th Grade\Personal: (subfolder): 	MEET IN GROUPWORK
Inbox Storage: (folder): 	Mrs. Revelle's Advisory Zoom Meeting
9th Grade\300 Seconds: (subfolder): 	Club Fair - 300 Seconds
9th Grade\DT: (subfolder): 	Discovery Term meeting
9th Grade\Dungeons and Dragons: (subfolder): 	Accepted: TRG Club Fair
9th Grade\Dungeons and Dragons: (subfolder): 	Accepted: TRG Club Fair
9th Grade\English: (subfolder): 	C Block: Macbeth Final Project Questions
9th Grade\English: (subfolder): 	C Block: Macbeth Final Project Questions
9th Grade\English: (subfolder): 	C Block Macbeth Project Proposals
9th Grade\English: (subfolder): 	Canceled: C Block Macbeth 4.1-4.3
9th Grade\English: (subfolder): 	C Block Macbeth 5.1
9th Grade\English: (subfolder): 	C Block Macbeth 4.1-4.3
9th Grade\English: (subfolder): 	Accepted: English Kindred Essay Review
9th Grade\English: (subfolder): 	Declined: Kindred Essay Review
9th Grade\English: (subfolder): 	C Block Macbeth 3.1-3.3
9th Grade\English: (subfolder): 	C Block - Macbeth 2.1-2.2
9th Grade\English: (subfolder): 	C Block - Macbeth Act 1 Questions; Word Trace Journal; 1.5 Discussion
9th Grade\English: (subfolder): 	Check-In with C Block
9th Grade\English: (subfolder): 	Check-In
9th Grade\English: (subfolder): 	Kindred Peer Review - C Block
9th Grade\English: (subfolder): 	C Block Thesis Workshop
9th Grade\French: (subfolder): 	Canceled: D Block
9th Grade\French: (subfolder): 	Canceled: D block
9th Grade\French: (subfolder): 	Canceled: D block
9th Grade\French: (subfolder): 	D block
9th Grade\French: (subfolder): 	D Block
9th Grade\French: (subfolder): 	D block
9th Grade\French: (subfolder): 	Canceled: D Block
9th Grade\French: (subfolder): 	Canceled: D Block
9th Grade\French: (subfolder): 	Canceled: D Block
9th Grade\French: (subfolder): 	Canceled: D Block
9th Grade\French: (subfolder): 	Canceled: D Block
9th Grade\French: (subfolder): 	Canceled: D Block
9th Grade\French: (subfolder): 	D Block
9th Grade\French: (subfolder): 	
9th Grade\Intro to Programming: (subfolder): 	ask mr noland why abstract and implements stuff on quiz?
9th Grade\Intro to Programming: (subfolder): 	Make Up quiz
9th Grade\Robotics: (subfolder): 	Robotics at Club Fair
9th Grade\Science: (subfolder): 	G Block Class Meeting
9th Grade\Spam: (subfolder): 	300 Seconds Club Meetings - (Tuesdays)
9th Grade\Spam: (subfolder): 	Canceled: 300 Seconds Club Meeting
9th Grade\Spam: (subfolder): 	300 Seconds Club Meeting
9th Grade\Spam: (subfolder): 	300 Seconds Live meeting
9th Grade\Generic CA things: (subfolder): 	Junior Class Meeting
9th Grade\Generic CA things: (subfolder): 	Open Office Hours for Computer and Network Essentials
9th Grade\Generic CA things: (subfolder): 	Computer and Network Essentials Class
9th Grade\Generic CA things: (subfolder): 	Junior Class Kahoot
9th Grade\Generic CA things: (subfolder): 	Advisory
9th Grade\Generic CA things: (subfolder): 	Computer and Network Essentials Class
9th Grade\Generic CA things: (subfolder): 	
9th Grade\Generic CA things: (subfolder): 	ADV Topics in Computer Science - 1 (F)
9th Grade\Generic CA things: (subfolder): 	Revelle Advisory Zoom Meeting
9th Grade\Generic CA things: (subfolder): 	Canceled: 300 Seconds Live meeting
9th Grade\Generic CA things: (subfolder): 	Revelle Advisory Zoom Meeting
9th Grade\Generic CA things: (subfolder): 	Caydee Revelle's Zoom Meeting with Sebastian
9th Grade\Generic CA things: (subfolder): 	Revelle Advisory Zoom Meeting
9th Grade\Generic CA things: (subfolder): 	Advisory Video Conference today
9th Grade\Generic CA things: (subfolder): 	Canceled: Advisory Check-in
9th Grade\Generic CA things: (subfolder): 	Advisory Check-in
9th Grade\Generic CA things: (subfolder): 	Lunch Clean up
9th Grade\Generic CA things: (subfolder): 	lunch cleanup
9th Grade\Generic CA things: (subfolder): 	Canceled: Freshman Orientation and Parents' Meeting 
9th Grade\Generic CA things: (subfolder): 	Canceled: Freshman Orientation and Parents' Meeting 
9th Grade\Generic CA things: (subfolder): 	Freshman Orientation and Parents' Meeting 
9th Grade\Generic CA things: (subfolder): 	Freshman Orientation and Parents' Meeting 
9th Grade\Generic CA things: (subfolder): 	Canceled: August greetings from the Upper School
9th Grade\Generic CA things: (subfolder): 	August greetings from the Upper School
Inbox Storage: (folder): 	Mrs. Revelle's Advisory Zoom Meeting
Inbox Storage: (folder): 	Revelle Advisory Zoom Meeting
Inbox Storage: (folder): 	Mrs. Revelle's Advisory Zoom Meeting
Inbox Storage: (folder): 	Junior Class Meeting - Class Officer Elections
Inbox Storage: (folder): 	Junior Class Meeting - Off Campus Lunch Privileges
Inbox Storage: (folder): 	Mrs. Revelle's Advisor Parent Zoom Meeting
Inbox Storage: (folder): 	Canceled: Mrs. Revelle's Advisory Zoom Meeting
Inbox Storage: (folder): 	Canceled: Mrs. Revelle's Advisory Zoom Meeting
Inbox Storage: (folder): 	Mrs. Revelle's Advisory Zoom Meeting
Inbox Storage: (folder): 	Sebastian & Ms. Sellers
Inbox Storage: (folder): 	Sebastian One on One
Inbox Storage: (folder): 	Sebastian & Ms. Sellers meet
Inbox Storage: (folder): 	Canceled: Mrs. Revelle's Advisory Zoom Meeting
Inbox Storage: (folder): 	Canceled: Mrs. Revelle's Advisory Zoom Meeting
Inbox Storage: (folder): 	Course planning
Inbox Storage: (folder): 	Mrs. Revelle's Advisory Zoom Meeting
Inbox Storage: (folder): 	Canceled: Mrs. Revelle's Advisory Zoom Meeting
Inbox Storage: (folder): 	Canceled: Mrs. Revelle's Advisory Zoom Meeting
Inbox Storage: (folder): 	Canceled: ADV Topics in Computer Science - 1 (F)
Inbox Storage: (folder): 	Canceled: ADV Topics in Computer Science - 1 (F)
Inbox Storage: (folder): 	Canceled: ADV Topics in Computer Science - 1 (F)
Inbox Storage: (folder): 	Canceled: ADV Topics in Computer Science - 1 (F)
Inbox Storage: (folder): 	Sebastian & Ms. Sellers' college debrief
Inbox Storage: (folder): 	Course Registration (Required) with Ms. Holland
Inbox Storage: (folder): 	Sebastian & Ms. Sellers' meeting
Inbox Storage: (folder): 	Resume Presentation for Juniors (Required)
Inbox Storage: (folder): 	Sebastian&Ms. Sellers, 2nd college mtg
Inbox Storage: (folder): 	Robotics Practice
Inbox Storage: (folder): 	Canceled: IRAH in person GDC virtual
Inbox Storage: (folder): 	Robotics Practice
Inbox Storage: (folder): 	Robotics Practice
Inbox Storage: (folder): 	IRAH in person GDC virtual
Inbox Storage: (folder): 	Advisory: Win at Social
Inbox Storage: (folder): 	ADV Topics in Computer Science - 1 (F)
Inbox Storage: (folder): 	IRAH in person GDC virtual
Inbox Storage: (folder): 	GDC in person, IRAH virtual
Inbox Storage: (folder): 	GDC in person, IRAH virtual
Inbox Storage: (folder): 	IRAH in person GDC virtual
Inbox Storage: (folder): 	IRAH in person GDC virtual
Inbox Storage: (folder): 	GDC in person, IRAH virtual
Inbox Storage: (folder): 	GDC in person, IRAH virtual
Inbox Storage: (folder): 	IRAH in person GDC virtual
Inbox Storage: (folder): 	IRAH in person GDC virtual
Inbox Storage: (folder): 	GDC in person, IRAH virtual
Inbox Storage: (folder): 	IRAH in person GDC virtual
Inbox Storage: (folder): 	GDC in person, IRAH virtual
Inbox Storage: (folder): 	Canceled: IRAH in person GDC virtual
Inbox Storage: (folder): 	IRAH in person GDC virtual
Inbox Storage: (folder): 	Undeliverable: FW: CAITF - weight room open this afternoon
Inbox Storage: (folder): 	Undeliverable: FW: CAITF - practice cancelled this afternoon
Inbox Storage: (folder): 	Robo Meeting - Kickoff is Coming (Just like Winter)
Inbox Storage: (folder): 	Canceled: Class - Computer and Network Essentials (CANE)
Inbox Storage: (folder): 	Canceled: Class - Computer and Network Essentials (CANE)
Inbox Storage: (folder): 	Canceled: Class - Computer and Network Essentials (CANE)
Inbox Storage: (folder): 	Canceled: Class - Computer and Network Essentials (CANE)
Inbox Storage: (folder): 	Class - Computer and Network Essentials (CANE)
Inbox Storage: (folder): 	Class - Computer and Network Essentials (CANE)
Inbox Storage: (folder): 	Class - Computer and Network Essentials (CANE)
Inbox Storage: (folder): 	Robo Class Tue Jan 5th Blue Cohort
Inbox Storage: (folder): 	Mrs. Revelle's Advisory Zoom Meeting
Inbox Storage: (folder): 	Virtual Pit Planning
Inbox Storage: (folder): 	Robot meeting
Inbox Storage: (folder): 	Robot Meeting
Inbox Storage: (folder): 	FW: Blue Cohort Juniors Work Experience Meeting
Inbox Storage: (folder): 	Robot Meegin
Inbox Storage: (folder): 	CANE Class Meet Virtually
Inbox Storage: (folder): 	Mrs. Revelle's Advisory Zoom Meeting
Inbox Storage: (folder): 	Canceled: Revelle Advisory Zoom Meeting
Inbox Storage: (folder): 	Revelle Advisory Zoom Meeting
Inbox Storage: (folder): 	Revelle Advisory Zoom Meeting
Inbox Storage: (folder): 	Canceled: ADV Topics in Computer Science - 1 (F)
Inbox Storage: (folder): 	Canceled: ADV Topics in Computer Science - 1 (F)
Inbox Storage: (folder): 	Canceled: ADV Topics in Computer Science - 1 (F)
Inbox Storage: (folder): 	ADV Topics in Computer Science - 1 (F)
Inbox Storage: (folder): 	Canceled: ADV Topics in Computer Science - 1 (F)
Inbox Storage: (folder): 	Sebastian Polge and Karen_McKenzie
Inbox Storage: (folder): 	Junior Class Meeting - Blue and Gold Cohorts Required
Inbox Storage: (folder): 	RoboMeeting Fri 6 Nov.
Inbox Storage: (folder): 	Sebastian Polge and Karen_McKenzie
Inbox Storage: (folder): 	Revelle Advisory Zoom Meeting
Inbox Storage: (folder): 	FRC Robotics Weekly Meeting
Inbox Storage: (folder): 	Robotics Meeting Oct 23
Inbox Storage: (folder): 	Junior Class Meeting about Halloween
Inbox Storage: (folder): 	Junior Class Meeting about Halloween
Inbox Storage: (folder): 	Junior Class Meeting about Halloween
Inbox Storage: (folder): 	Today's meeting in Teams (Fri 16 Oct)
Inbox Storage: (folder): 	Stress, Anxiety and Mental Health as a CA Student 
Inbox Storage: (folder): 	Canceled: ADV Topics in Computer Science - 1 (F)
Inbox Storage: (folder): 	Robotics Oct 2
Inbox Storage: (folder): 	Computer and Network Essentials Class
Inbox Storage: (folder): 	Computer and Network Essentials Class
Inbox Storage: (folder): 	ADV Topics in Computer Science - 1 (F)
Inbox Storage: (folder): 	Revelle Advisory Zoom Meeting
Inbox Storage: (folder): 	Robotics Meeting Friday 9/25
Inbox Storage: (folder): 	Robotics Meeting Friday 9/25
Inbox Storage: (folder): 	Revelle Advisory Zoom Meeting
Inbox Storage: (folder): 	Robot Meeting 9/18
Inbox Storage: (folder): 	Junior Class Meeting with Ms. Maret Jones
Inbox Storage: (folder): 	Friday RoboMeeting Make a Plan
Inbox Storage: (folder): 	ADV Topics in Computer Science - 1 (F)
Inbox Storage: (folder): 	Advisory
Inbox Storage: (folder): 	Computer and Network Essentials Class
Inbox Storage: (folder): 	Computer and Network Essentials Class
Inbox Storage: (folder): 	Robotics Club Fri Sept 4
Inbox Storage: (folder): 	Canceled: Period C Wilderness Lit
Inbox Storage: (folder): 	Period C Wilderness Lit
Inbox Storage: (folder): 	Period C Wilderness Lit
Inbox Storage: (folder): 	Period C Wilderness Lit
7th Grade Archive\Extracurricular Activities: (subfolder): 	Track Meet
7th Grade Archive\Cary academy info: (subfolder): 	Undeliverable: YouTube channel music + more!!
7th Grade Archive\Cary academy info: (subfolder): 	Think Pink Dance!
7th Grade Archive\Personal: (subfolder): 	Undeliverable: Nico pics
7th Grade Archive\Personal: (subfolder): 	Undeliverable: Nico Pics
7th Grade Archive\Personal: (subfolder): 	Undeliverable: RE: Vacances de Pâques 
6th grade archive: (folder): 	Accepted: MATH
Inbox: Read: TTRPG Club
Inbox: Read: TTRPG Club
Inbox: CANE Class Teams Meeting
Inbox: Virtual Class Meeting - ADV Mechanics BF
Inbox: Fight Joseph Mama-Mia, the eldest and last of the Elder Ones
Inbox: Undeliverable: TTRPG Interest Form
Inbox: Senior Grade Level Meeting
Inbox: Senior Grade Level Meeting
Inbox: Scheduling Meeting - Sebastian Polge
Inbox: Canceled: 5160 team meeting
Inbox: Canceled: 5160 team meeting
Inbox: 5160 team meeting
